2026-08-27 18:41:37.822: [INFO] CurrentProfilePath: D:\Materias_da_faculdade\Curso Java\.metadata\.plugins\org.eclipse.swt\EBWebView\Default
2026-08-27 18:41:37.822: [INFO] Profiles total count: 1
2026-08-27 18:41:37.822: [INFO] Profile: name=Perfil 1 path=D:\Materias_da_faculdade\Curso Java\.metadata\.plugins\org.eclipse.swt\EBWebView\Default lastActive=null
2026-08-27 18:41:37.822: [INFO] LastUsedProfileDir: D:\Materias_da_faculdade\Curso Java\.metadata\.plugins\org.eclipse.swt\EBWebView\Default
2026-08-27 18:41:37.822: [INFO] OnDoneLoading sync enabled: 0
2026-08-27 18:41:37.822: [INFO] BookmarkModelLoaded, ids_reassigned: 0
2026-08-27 18:41:37.822: [INFO] BookmarksLoadDropped droppedNodes=0
2026-08-27 18:41:37.823: [INFO] BookmarksSnapshot Startup total=0 bar=0 other=0 mobile=0 showBar=0 showBarNTP=1
2026-08-27 18:41:46.003: [INFO] BookmarksSnapshot Shutdown total=0 bar=0 other=0 mobile=0 showBar=0 showBarNTP=1
2026-08-27 18:41:46.552: [INFO] CurrentProfilePath: D:\Materias_da_faculdade\Curso Java\.metadata\.plugins\org.eclipse.swt\EBWebView\Default
2026-08-27 18:41:46.552: [INFO] Profiles total count: 1
2026-08-27 18:41:46.552: [INFO] Profile: name=Perfil 1 path=D:\Materias_da_faculdade\Curso Java\.metadata\.plugins\org.eclipse.swt\EBWebView\Default lastActive=2026-08-27T18:41:38.217Z
2026-08-27 18:41:46.552: [INFO] LastUsedProfileDir: D:\Materias_da_faculdade\Curso Java\.metadata\.plugins\org.eclipse.swt\EBWebView\Default
2026-08-27 18:41:46.552: [INFO] MostRecentlyActiveProfile: name=Perfil 1 path=D:\Materias_da_faculdade\Curso Java\.metadata\.plugins\org.eclipse.swt\EBWebView\Default lastActive=2026-08-27T18:41:38.217Z
2026-08-27 18:41:46.552: [INFO] OnDoneLoading sync enabled: 0
2026-08-27 18:41:46.552: [INFO] BookmarkModelLoaded, ids_reassigned: 0
2026-08-27 18:41:46.552: [INFO] BookmarksLoadDropped droppedNodes=0
2026-08-27 18:41:46.552: [INFO] BookmarksSnapshot Startup total=0 bar=0 other=0 mobile=0 showBar=0 showBarNTP=1
2026-08-27 18:42:21.056: [INFO] BookmarksSnapshot Shutdown total=0 bar=0 other=0 mobile=0 showBar=0 showBarNTP=1
2026-08-27 19:01:15.846: [INFO] CurrentProfilePath: D:\Materias_da_faculdade\Curso Java\.metadata\.plugins\org.eclipse.swt\EBWebView\Default
2026-08-27 19:01:15.846: [INFO] Profiles total count: 1
2026-08-27 19:01:15.846: [INFO] Profile: name=Perfil 1 path=D:\Materias_da_faculdade\Curso Java\.metadata\.plugins\org.eclipse.swt\EBWebView\Default lastActive=2026-08-27T18:41:38.217Z
2026-08-27 19:01:15.846: [INFO] LastUsedProfileDir: D:\Materias_da_faculdade\Curso Java\.metadata\.plugins\org.eclipse.swt\EBWebView\Default
2026-08-27 19:01:15.847: [INFO] MostRecentlyActiveProfile: name=Perfil 1 path=D:\Materias_da_faculdade\Curso Java\.metadata\.plugins\org.eclipse.swt\EBWebView\Default lastActive=2026-08-27T18:41:38.217Z
2026-08-27 19:01:15.847: [INFO] OnDoneLoading sync enabled: 0
2026-08-27 19:01:15.847: [INFO] BookmarkModelLoaded, ids_reassigned: 0
2026-08-27 19:01:15.847: [INFO] BookmarksLoadDropped droppedNodes=0
2026-08-27 19:01:15.847: [INFO] BookmarksSnapshot Startup total=0 bar=0 other=0 mobile=0 showBar=0 showBarNTP=1
2026-08-27 21:50:53.115: [INFO] BookmarksSnapshot Shutdown total=0 bar=0 other=0 mobile=0 showBar=0 showBarNTP=1
2026-09-03 12:39:31.236: [INFO] CurrentProfilePath: D:\Materias_da_faculdade\Curso Java\.metadata\.plugins\org.eclipse.swt\EBWebView\Default
2026-09-03 12:39:31.236: [INFO] Profiles total count: 1
2026-09-03 12:39:31.236: [INFO] Profile: name=Perfil 1 path=D:\Materias_da_faculdade\Curso Java\.metadata\.plugins\org.eclipse.swt\EBWebView\Default lastActive=2026-08-27T18:41:38.217Z
2026-09-03 12:39:31.236: [INFO] LastUsedProfileDir: D:\Materias_da_faculdade\Curso Java\.metadata\.plugins\org.eclipse.swt\EBWebView\Default
2026-09-03 12:39:31.236: [INFO] MostRecentlyActiveProfile: name=Perfil 1 path=D:\Materias_da_faculdade\Curso Java\.metadata\.plugins\org.eclipse.swt\EBWebView\Default lastActive=2026-08-27T18:41:38.217Z
2026-09-03 12:39:31.236: [INFO] OnDoneLoading sync enabled: 0
2026-09-03 12:39:31.236: [INFO] BookmarkModelLoaded, ids_reassigned: 0
2026-09-03 12:39:31.236: [INFO] BookmarksLoadDropped droppedNodes=0
2026-09-03 12:39:31.236: [INFO] BookmarksSnapshot Startup total=0 bar=0 other=0 mobile=0 showBar=0 showBarNTP=1
2026-09-03 12:39:59.307: [INFO] BookmarksSnapshot Shutdown total=0 bar=0 other=0 mobile=0 showBar=0 showBarNTP=1
2026-09-07 15:41:24.517: [INFO] CurrentProfilePath: D:\Materias_da_faculdade\Curso Java\.metadata\.plugins\org.eclipse.swt\EBWebView\Default
2026-09-07 15:41:24.517: [INFO] Profiles total count: 1
2026-09-07 15:41:24.517: [INFO] Profile: name=Perfil 1 path=D:\Materias_da_faculdade\Curso Java\.metadata\.plugins\org.eclipse.swt\EBWebView\Default lastActive=2026-08-27T18:41:38.217Z
2026-09-07 15:41:24.517: [INFO] LastUsedProfileDir: D:\Materias_da_faculdade\Curso Java\.metadata\.plugins\org.eclipse.swt\EBWebView\Default
2026-09-07 15:41:24.517: [INFO] MostRecentlyActiveProfile: name=Perfil 1 path=D:\Materias_da_faculdade\Curso Java\.metadata\.plugins\org.eclipse.swt\EBWebView\Default lastActive=2026-08-27T18:41:38.217Z
2026-09-07 15:41:24.517: [INFO] OnDoneLoading sync enabled: 0
2026-09-07 15:41:24.517: [INFO] BookmarkModelLoaded, ids_reassigned: 0
2026-09-07 15:41:24.517: [INFO] BookmarksLoadDropped droppedNodes=0
2026-09-07 15:41:24.517: [INFO] BookmarksSnapshot Startup total=0 bar=0 other=0 mobile=0 showBar=0 showBarNTP=1
