2026-08-27 12:17:35.643: [INFO] CurrentProfilePath: D:\Materias_da_faculdade\Curso Java\Eclipse\.metadata\.plugins\org.eclipse.swt\EBWebView\Default
2026-08-27 12:17:35.643: [INFO] Profiles total count: 1
2026-08-27 12:17:35.643: [INFO] Profile: name=Perfil 1 path=D:\Materias_da_faculdade\Curso Java\Eclipse\.metadata\.plugins\org.eclipse.swt\EBWebView\Default lastActive=null
2026-08-27 12:17:35.643: [INFO] LastUsedProfileDir: D:\Materias_da_faculdade\Curso Java\Eclipse\.metadata\.plugins\org.eclipse.swt\EBWebView\Default
2026-08-27 12:17:35.643: [INFO] OnDoneLoading sync enabled: 0
2026-08-27 12:17:35.643: [INFO] BookmarkModelLoaded, ids_reassigned: 0
2026-08-27 12:17:35.643: [INFO] BookmarksLoadDropped droppedNodes=0
2026-08-27 12:17:35.643: [INFO] BookmarksSnapshot Startup total=0 bar=0 other=0 mobile=0 showBar=0 showBarNTP=1
2026-08-27 12:17:43.971: [INFO] BookmarksSnapshot Shutdown total=0 bar=0 other=0 mobile=0 showBar=0 showBarNTP=1
2026-08-27 12:17:44.546: [INFO] CurrentProfilePath: D:\Materias_da_faculdade\Curso Java\Eclipse\.metadata\.plugins\org.eclipse.swt\EBWebView\Default
2026-08-27 12:17:44.546: [INFO] Profiles total count: 1
2026-08-27 12:17:44.546: [INFO] Profile: name=Perfil 1 path=D:\Materias_da_faculdade\Curso Java\Eclipse\.metadata\.plugins\org.eclipse.swt\EBWebView\Default lastActive=2026-08-27T12:17:43.158Z
2026-08-27 12:17:44.546: [INFO] LastUsedProfileDir: D:\Materias_da_faculdade\Curso Java\Eclipse\.metadata\.plugins\org.eclipse.swt\EBWebView\Default
2026-08-27 12:17:44.546: [INFO] MostRecentlyActiveProfile: name=Perfil 1 path=D:\Materias_da_faculdade\Curso Java\Eclipse\.metadata\.plugins\org.eclipse.swt\EBWebView\Default lastActive=2026-08-27T12:17:43.158Z
2026-08-27 12:17:44.546: [INFO] OnDoneLoading sync enabled: 0
2026-08-27 12:17:44.546: [INFO] BookmarkModelLoaded, ids_reassigned: 0
2026-08-27 12:17:44.546: [INFO] BookmarksLoadDropped droppedNodes=0
2026-08-27 12:17:44.546: [INFO] BookmarksSnapshot Startup total=0 bar=0 other=0 mobile=0 showBar=0 showBarNTP=1
2026-08-27 18:02:47.344: [INFO] CurrentProfilePath: D:\Materias_da_faculdade\Curso Java\Eclipse\.metadata\.plugins\org.eclipse.swt\EBWebView\Default
2026-08-27 18:02:47.344: [INFO] Profiles total count: 1
2026-08-27 18:02:47.344: [INFO] Profile: name=Perfil 1 path=D:\Materias_da_faculdade\Curso Java\Eclipse\.metadata\.plugins\org.eclipse.swt\EBWebView\Default lastActive=2026-08-27T12:18:25.657Z
2026-08-27 18:02:47.344: [INFO] LastUsedProfileDir: D:\Materias_da_faculdade\Curso Java\Eclipse\.metadata\.plugins\org.eclipse.swt\EBWebView\Default
2026-08-27 18:02:47.344: [INFO] MostRecentlyActiveProfile: name=Perfil 1 path=D:\Materias_da_faculdade\Curso Java\Eclipse\.metadata\.plugins\org.eclipse.swt\EBWebView\Default lastActive=2026-08-27T12:18:25.657Z
2026-08-27 18:02:47.344: [INFO] OnDoneLoading sync enabled: 0
2026-08-27 18:02:47.344: [INFO] BookmarkModelLoaded, ids_reassigned: 0
2026-08-27 18:02:47.344: [INFO] BookmarksLoadDropped droppedNodes=0
2026-08-27 18:02:47.344: [INFO] BookmarksSnapshot Startup total=0 bar=0 other=0 mobile=0 showBar=0 showBarNTP=1
2026-08-27 18:31:13.556: [INFO] BookmarksSnapshot Shutdown total=0 bar=0 other=0 mobile=0 showBar=0 showBarNTP=1
2026-08-27 18:32:04.383: [INFO] BookmarksSnapshot Shutdown total=0 bar=0 other=0 mobile=0 showBar=0 showBarNTP=1
2026-08-27 18:32:37.485: [INFO] CurrentProfilePath: D:\Materias_da_faculdade\Curso Java\Eclipse\Faculdade\.metadata\.plugins\org.eclipse.swt\EBWebView\Default
2026-08-27 18:32:37.485: [INFO] Profiles total count: 1
2026-08-27 18:32:37.486: [INFO] Profile: name=Perfil 1 path=D:\Materias_da_faculdade\Curso Java\Eclipse\Faculdade\.metadata\.plugins\org.eclipse.swt\EBWebView\Default lastActive=2026-08-27T18:31:24.999Z
2026-08-27 18:32:37.486: [INFO] LastUsedProfileDir: D:\Materias_da_faculdade\Curso Java\Eclipse\Faculdade\.metadata\.plugins\org.eclipse.swt\EBWebView\Default
2026-08-27 18:32:37.486: [INFO] MostRecentlyActiveProfile: name=Perfil 1 path=D:\Materias_da_faculdade\Curso Java\Eclipse\Faculdade\.metadata\.plugins\org.eclipse.swt\EBWebView\Default lastActive=2026-08-27T18:31:24.999Z
2026-08-27 18:32:37.486: [INFO] OnDoneLoading sync enabled: 0
2026-08-27 18:32:37.486: [INFO] BookmarkModelLoaded, ids_reassigned: 0
2026-08-27 18:32:37.486: [INFO] BookmarksLoadDropped droppedNodes=0
2026-08-27 18:32:37.486: [INFO] BookmarksSnapshot Startup total=0 bar=0 other=0 mobile=0 showBar=0 showBarNTP=1
2026-08-27 18:32:51.989: [INFO] BookmarksSnapshot Shutdown total=0 bar=0 other=0 mobile=0 showBar=0 showBarNTP=1
2026-08-27 18:37:02.671: [INFO] CurrentProfilePath: D:\Materias_da_faculdade\Curso Java\Faculdade\.metadata\.plugins\org.eclipse.swt\EBWebView\Default
2026-08-27 18:37:02.671: [INFO] Profiles total count: 1
2026-08-27 18:37:02.671: [INFO] Profile: name=Perfil 1 path=D:\Materias_da_faculdade\Curso Java\Faculdade\.metadata\.plugins\org.eclipse.swt\EBWebView\Default lastActive=2026-08-27T18:31:24.999Z
2026-08-27 18:37:02.671: [INFO] LastUsedProfileDir: D:\Materias_da_faculdade\Curso Java\Faculdade\.metadata\.plugins\org.eclipse.swt\EBWebView\Default
2026-08-27 18:37:02.671: [INFO] MostRecentlyActiveProfile: name=Perfil 1 path=D:\Materias_da_faculdade\Curso Java\Faculdade\.metadata\.plugins\org.eclipse.swt\EBWebView\Default lastActive=2026-08-27T18:31:24.999Z
2026-08-27 18:37:02.671: [INFO] OnDoneLoading sync enabled: 0
2026-08-27 18:37:02.671: [INFO] BookmarkModelLoaded, ids_reassigned: 0
2026-08-27 18:37:02.671: [INFO] BookmarksLoadDropped droppedNodes=0
2026-08-27 18:37:02.671: [INFO] BookmarksSnapshot Startup total=0 bar=0 other=0 mobile=0 showBar=0 showBarNTP=1
2026-08-27 18:38:43.246: [INFO] BookmarksSnapshot Shutdown total=0 bar=0 other=0 mobile=0 showBar=0 showBarNTP=1
2026-08-27 18:39:01.581: [INFO] CurrentProfilePath: D:\Materias_da_faculdade\Curso Java\Faculdade\.metadata\.plugins\org.eclipse.swt\EBWebView\Default
2026-08-27 18:39:01.581: [INFO] Profiles total count: 1
2026-08-27 18:39:01.581: [INFO] Profile: name=Perfil 1 path=D:\Materias_da_faculdade\Curso Java\Faculdade\.metadata\.plugins\org.eclipse.swt\EBWebView\Default lastActive=2026-08-27T18:31:24.999Z
2026-08-27 18:39:01.581: [INFO] LastUsedProfileDir: D:\Materias_da_faculdade\Curso Java\Faculdade\.metadata\.plugins\org.eclipse.swt\EBWebView\Default
2026-08-27 18:39:01.582: [INFO] MostRecentlyActiveProfile: name=Perfil 1 path=D:\Materias_da_faculdade\Curso Java\Faculdade\.metadata\.plugins\org.eclipse.swt\EBWebView\Default lastActive=2026-08-27T18:31:24.999Z
2026-08-27 18:39:01.582: [INFO] OnDoneLoading sync enabled: 0
2026-08-27 18:39:01.582: [INFO] BookmarkModelLoaded, ids_reassigned: 0
2026-08-27 18:39:01.582: [INFO] BookmarksLoadDropped droppedNodes=0
2026-08-27 18:39:01.582: [INFO] BookmarksSnapshot Startup total=0 bar=0 other=0 mobile=0 showBar=0 showBarNTP=1
2026-08-27 18:39:40.749: [INFO] BookmarksSnapshot Shutdown total=0 bar=0 other=0 mobile=0 showBar=0 showBarNTP=1
2026-08-27 18:40:01.540: [INFO] CurrentProfilePath: D:\Materias_da_faculdade\Curso Java\Faculdade\.metadata\.plugins\org.eclipse.swt\EBWebView\Default
2026-08-27 18:40:01.540: [INFO] Profiles total count: 1
2026-08-27 18:40:01.540: [INFO] Profile: name=Perfil 1 path=D:\Materias_da_faculdade\Curso Java\Faculdade\.metadata\.plugins\org.eclipse.swt\EBWebView\Default lastActive=2026-08-27T18:31:24.999Z
2026-08-27 18:40:01.540: [INFO] LastUsedProfileDir: D:\Materias_da_faculdade\Curso Java\Faculdade\.metadata\.plugins\org.eclipse.swt\EBWebView\Default
2026-08-27 18:40:01.540: [INFO] MostRecentlyActiveProfile: name=Perfil 1 path=D:\Materias_da_faculdade\Curso Java\Faculdade\.metadata\.plugins\org.eclipse.swt\EBWebView\Default lastActive=2026-08-27T18:31:24.999Z
2026-08-27 18:40:01.540: [INFO] OnDoneLoading sync enabled: 0
2026-08-27 18:40:01.540: [INFO] BookmarkModelLoaded, ids_reassigned: 0
2026-08-27 18:40:01.540: [INFO] BookmarksLoadDropped droppedNodes=0
2026-08-27 18:40:01.540: [INFO] BookmarksSnapshot Startup total=0 bar=0 other=0 mobile=0 showBar=0 showBarNTP=1
2026-08-27 18:40:26.763: [INFO] BookmarksSnapshot Shutdown total=0 bar=0 other=0 mobile=0 showBar=0 showBarNTP=1
2026-08-27 18:40:58.061: [INFO] CurrentProfilePath: D:\Materias_da_faculdade\Curso Java\Faculdade\.metadata\.plugins\org.eclipse.swt\EBWebView\Default
2026-08-27 18:40:58.061: [INFO] Profiles total count: 1
2026-08-27 18:40:58.061: [INFO] Profile: name=Perfil 1 path=D:\Materias_da_faculdade\Curso Java\Faculdade\.metadata\.plugins\org.eclipse.swt\EBWebView\Default lastActive=2026-08-27T18:31:24.999Z
2026-08-27 18:40:58.061: [INFO] LastUsedProfileDir: D:\Materias_da_faculdade\Curso Java\Faculdade\.metadata\.plugins\org.eclipse.swt\EBWebView\Default
2026-08-27 18:40:58.061: [INFO] MostRecentlyActiveProfile: name=Perfil 1 path=D:\Materias_da_faculdade\Curso Java\Faculdade\.metadata\.plugins\org.eclipse.swt\EBWebView\Default lastActive=2026-08-27T18:31:24.999Z
2026-08-27 18:40:58.061: [INFO] OnDoneLoading sync enabled: 0
2026-08-27 18:40:58.061: [INFO] BookmarkModelLoaded, ids_reassigned: 0
2026-08-27 18:40:58.061: [INFO] BookmarksLoadDropped droppedNodes=0
2026-08-27 18:40:58.061: [INFO] BookmarksSnapshot Startup total=0 bar=0 other=0 mobile=0 showBar=0 showBarNTP=1
2026-08-27 18:41:19.897: [INFO] BookmarksSnapshot Shutdown total=0 bar=0 other=0 mobile=0 showBar=0 showBarNTP=1
